Day_1_Draw_Square_Begin.xml	Draw Square Starter
Day_1_Draw_Square_Final.xml	Draw Square Final
Day_1_Introduce_Yourself_Begin.xml	Introduce Yourself Starter
Day_1_Introduce_Yourself_Final.xml	Introduce Yourself Final
Day_2_Balancing_Scales_Begin.xml	Balancing Scales Starter
Day_2_Balancing_Scales_Final.xml	Balancing Scales Final
Day_2_Graphing_Coordinates_Begin.xml	Graphing Coordinates Starter
Day_2_Graphing_Coordinates_Final.xml	Graphing Coordinates Final

